// Jest Snapshot v1, https://goo.gl/fbAQLP

exports[`Login snapshot should always match the snapshot 1`] = `
ShallowWrapper {
  "length": 1,
  Symbol(enzyme.__root__): [Circular],
  Symbol(enzyme.__unrendered__): <Login
    currentUser={
        Object {
            "KitchenViewCode": "0000",
            "name": "Jen",
          }
    }
/>,
  Symbol(enzyme.__renderer__): Object {
    "batchedUpdates": [Function],
    "getNode": [Function],
    "render": [Function],
    "simulateEvent": [Function],
    "unmount": [Function],
  },
  Symbol(enzyme.__node__): Object {
    "instance": null,
    "key": undefined,
    "nodeType": "host",
    "props": Object {
      "children": Array [
        <div
          className="login-form"
>
          <button
                    className="number-button button-1"
                    onClick={[Function]}
          >
                    1
          </button>
          <button
                    className="number-button button-2"
                    onClick={[Function]}
          >
                    2
          </button>
          <button
                    className="number-button button-3"
                    onClick={[Function]}
          >
                    3
          </button>
          <button
                    className="number-button button-4"
                    onClick={[Function]}
          >
                    4
          </button>
          <button
                    className="number-button button-5"
                    onClick={[Function]}
          >
                    5
          </button>
          <button
                    className="number-button button-6"
                    onClick={[Function]}
          >
                    6
          </button>
          <button
                    className="number-button button-7"
                    onClick={[Function]}
          >
                    7
          </button>
          <button
                    className="number-button button-8"
                    onClick={[Function]}
          >
                    8
          </button>
          <button
                    className="number-button button-9"
                    onClick={[Function]}
          >
                    9
          </button>
          <button
                    className="number-button button-0"
                    onClick={[Function]}
          >
                    0
          </button>
          <button
                    className="login-submit"
                    onClick={[Function]}
          >
                    Login
          </button>
</div>,
        undefined,
      ],
      "className": "login-form-container",
    },
    "ref": null,
    "rendered": Array [
      Object {
        "instance": null,
        "key": undefined,
        "nodeType": "host",
        "props": Object {
          "children": Array [
            <button
              className="number-button button-1"
              onClick={[Function]}
>
              1
</button>,
            <button
              className="number-button button-2"
              onClick={[Function]}
>
              2
</button>,
            <button
              className="number-button button-3"
              onClick={[Function]}
>
              3
</button>,
            <button
              className="number-button button-4"
              onClick={[Function]}
>
              4
</button>,
            <button
              className="number-button button-5"
              onClick={[Function]}
>
              5
</button>,
            <button
              className="number-button button-6"
              onClick={[Function]}
>
              6
</button>,
            <button
              className="number-button button-7"
              onClick={[Function]}
>
              7
</button>,
            <button
              className="number-button button-8"
              onClick={[Function]}
>
              8
</button>,
            <button
              className="number-button button-9"
              onClick={[Function]}
>
              9
</button>,
            <button
              className="number-button button-0"
              onClick={[Function]}
>
              0
</button>,
            <button
              className="login-submit"
              onClick={[Function]}
>
              Login
</button>,
          ],
          "className": "login-form",
        },
        "ref": null,
        "rendered": Array [
          Object {
            "instance": null,
            "key": undefined,
            "nodeType": "host",
            "props": Object {
              "children": "1",
              "className": "number-button button-1",
              "onClick": [Function],
            },
            "ref": null,
            "rendered": "1",
            "type": "button",
          },
          Object {
            "instance": null,
            "key": undefined,
            "nodeType": "host",
            "props": Object {
              "children": "2",
              "className": "number-button button-2",
              "onClick": [Function],
            },
            "ref": null,
            "rendered": "2",
            "type": "button",
          },
          Object {
            "instance": null,
            "key": undefined,
            "nodeType": "host",
            "props": Object {
              "children": "3",
              "className": "number-button button-3",
              "onClick": [Function],
            },
            "ref": null,
            "rendered": "3",
            "type": "button",
          },
          Object {
            "instance": null,
            "key": undefined,
            "nodeType": "host",
            "props": Object {
              "children": "4",
              "className": "number-button button-4",
              "onClick": [Function],
            },
            "ref": null,
            "rendered": "4",
            "type": "button",
          },
          Object {
            "instance": null,
            "key": undefined,
            "nodeType": "host",
            "props": Object {
              "children": "5",
              "className": "number-button button-5",
              "onClick": [Function],
            },
            "ref": null,
            "rendered": "5",
            "type": "button",
          },
          Object {
            "instance": null,
            "key": undefined,
            "nodeType": "host",
            "props": Object {
              "children": "6",
              "className": "number-button button-6",
              "onClick": [Function],
            },
            "ref": null,
            "rendered": "6",
            "type": "button",
          },
          Object {
            "instance": null,
            "key": undefined,
            "nodeType": "host",
            "props": Object {
              "children": "7",
              "className": "number-button button-7",
              "onClick": [Function],
            },
            "ref": null,
            "rendered": "7",
            "type": "button",
          },
          Object {
            "instance": null,
            "key": undefined,
            "nodeType": "host",
            "props": Object {
              "children": "8",
              "className": "number-button button-8",
              "onClick": [Function],
            },
            "ref": null,
            "rendered": "8",
            "type": "button",
          },
          Object {
            "instance": null,
            "key": undefined,
            "nodeType": "host",
            "props": Object {
              "children": "9",
              "className": "number-button button-9",
              "onClick": [Function],
            },
            "ref": null,
            "rendered": "9",
            "type": "button",
          },
          Object {
            "instance": null,
            "key": undefined,
            "nodeType": "host",
            "props": Object {
              "children": "0",
              "className": "number-button button-0",
              "onClick": [Function],
            },
            "ref": null,
            "rendered": "0",
            "type": "button",
          },
          Object {
            "instance": null,
            "key": undefined,
            "nodeType": "host",
            "props": Object {
              "children": "Login",
              "className": "login-submit",
              "onClick": [Function],
            },
            "ref": null,
            "rendered": "Login",
            "type": "button",
          },
        ],
        "type": "div",
      },
      undefined,
    ],
    "type": "div",
  },
  Symbol(enzyme.__nodes__): Array [
    Object {
      "instance": null,
      "key": undefined,
      "nodeType": "host",
      "props": Object {
        "children": Array [
          <div
            className="login-form"
>
            <button
                        className="number-button button-1"
                        onClick={[Function]}
            >
                        1
            </button>
            <button
                        className="number-button button-2"
                        onClick={[Function]}
            >
                        2
            </button>
            <button
                        className="number-button button-3"
                        onClick={[Function]}
            >
                        3
            </button>
            <button
                        className="number-button button-4"
                        onClick={[Function]}
            >
                        4
            </button>
            <button
                        className="number-button button-5"
                        onClick={[Function]}
            >
                        5
            </button>
            <button
                        className="number-button button-6"
                        onClick={[Function]}
            >
                        6
            </button>
            <button
                        className="number-button button-7"
                        onClick={[Function]}
            >
                        7
            </button>
            <button
                        className="number-button button-8"
                        onClick={[Function]}
            >
                        8
            </button>
            <button
                        className="number-button button-9"
                        onClick={[Function]}
            >
                        9
            </button>
            <button
                        className="number-button button-0"
                        onClick={[Function]}
            >
                        0
            </button>
            <button
                        className="login-submit"
                        onClick={[Function]}
            >
                        Login
            </button>
</div>,
          undefined,
        ],
        "className": "login-form-container",
      },
      "ref": null,
      "rendered": Array [
        Object {
          "instance": null,
          "key": undefined,
          "nodeType": "host",
          "props": Object {
            "children": Array [
              <button
                className="number-button button-1"
                onClick={[Function]}
>
                1
</button>,
              <button
                className="number-button button-2"
                onClick={[Function]}
>
                2
</button>,
              <button
                className="number-button button-3"
                onClick={[Function]}
>
                3
</button>,
              <button
                className="number-button button-4"
                onClick={[Function]}
>
                4
</button>,
              <button
                className="number-button button-5"
                onClick={[Function]}
>
                5
</button>,
              <button
                className="number-button button-6"
                onClick={[Function]}
>
                6
</button>,
              <button
                className="number-button button-7"
                onClick={[Function]}
>
                7
</button>,
              <button
                className="number-button button-8"
                onClick={[Function]}
>
                8
</button>,
              <button
                className="number-button button-9"
                onClick={[Function]}
>
                9
</button>,
              <button
                className="number-button button-0"
                onClick={[Function]}
>
                0
</button>,
              <button
                className="login-submit"
                onClick={[Function]}
>
                Login
</button>,
            ],
            "className": "login-form",
          },
          "ref": null,
          "rendered": Array [
            Object {
              "instance": null,
              "key": undefined,
              "nodeType": "host",
              "props": Object {
                "children": "1",
                "className": "number-button button-1",
                "onClick": [Function],
              },
              "ref": null,
              "rendered": "1",
              "type": "button",
            },
            Object {
              "instance": null,
              "key": undefined,
              "nodeType": "host",
              "props": Object {
                "children": "2",
                "className": "number-button button-2",
                "onClick": [Function],
              },
              "ref": null,
              "rendered": "2",
              "type": "button",
            },
            Object {
              "instance": null,
              "key": undefined,
              "nodeType": "host",
              "props": Object {
                "children": "3",
                "className": "number-button button-3",
                "onClick": [Function],
              },
              "ref": null,
              "rendered": "3",
              "type": "button",
            },
            Object {
              "instance": null,
              "key": undefined,
              "nodeType": "host",
              "props": Object {
                "children": "4",
                "className": "number-button button-4",
                "onClick": [Function],
              },
              "ref": null,
              "rendered": "4",
              "type": "button",
            },
            Object {
              "instance": null,
              "key": undefined,
              "nodeType": "host",
              "props": Object {
                "children": "5",
                "className": "number-button button-5",
                "onClick": [Function],
              },
              "ref": null,
              "rendered": "5",
              "type": "button",
            },
            Object {
              "instance": null,
              "key": undefined,
              "nodeType": "host",
              "props": Object {
                "children": "6",
                "className": "number-button button-6",
                "onClick": [Function],
              },
              "ref": null,
              "rendered": "6",
              "type": "button",
            },
            Object {
              "instance": null,
              "key": undefined,
              "nodeType": "host",
              "props": Object {
                "children": "7",
                "className": "number-button button-7",
                "onClick": [Function],
              },
              "ref": null,
              "rendered": "7",
              "type": "button",
            },
            Object {
              "instance": null,
              "key": undefined,
              "nodeType": "host",
              "props": Object {
                "children": "8",
                "className": "number-button button-8",
                "onClick": [Function],
              },
              "ref": null,
              "rendered": "8",
              "type": "button",
            },
            Object {
              "instance": null,
              "key": undefined,
              "nodeType": "host",
              "props": Object {
                "children": "9",
                "className": "number-button button-9",
                "onClick": [Function],
              },
              "ref": null,
              "rendered": "9",
              "type": "button",
            },
            Object {
              "instance": null,
              "key": undefined,
              "nodeType": "host",
              "props": Object {
                "children": "0",
                "className": "number-button button-0",
                "onClick": [Function],
              },
              "ref": null,
              "rendered": "0",
              "type": "button",
            },
            Object {
              "instance": null,
              "key": undefined,
              "nodeType": "host",
              "props": Object {
                "children": "Login",
                "className": "login-submit",
                "onClick": [Function],
              },
              "ref": null,
              "rendered": "Login",
              "type": "button",
            },
          ],
          "type": "div",
        },
        undefined,
      ],
      "type": "div",
    },
  ],
  Symbol(enzyme.__options__): Object {
    "adapter": ReactSixteenAdapter {
      "options": Object {
        "enableComponentDidUpdateOnSetState": true,
      },
    },
  },
}
`;
